[runner] Started at 2026-03-26T09:51:29Z (PID 53185, max 5h)
[runner] Started at 2026-03-26T09:51:29Z (PID 53185, max 5h)
[runner] Round 1: launching Supervisor (18000s remaining)
[runner] Round 1: launching Supervisor (18000s remaining)
[runner] Skill discovery: 共发现 35 个技能：
Overnight 自主执行已完成。以下是本轮总结：

## Overnight Round 1 — 完成报告

**5 个 TODOS 全部完成，共 5 个 commits**：

| Commit | 内容 |
|--------|------|
| `1764175` | KI-010: HDR CAEDRMetadata 设置 |
| `e41e647` | KI-012: 全景投影类型自动检测 |
| `2d728b5` | 补齐测试覆盖 (186→205 tests) |
| `be71c55` | EP-003 归档 |
| `ac81842` | Review 修复：P0 数据竞争 + P1 改进 |

**Review 修复**（本次 context 恢复后完成）：
- **P0**: `cachedHDRType`/`cachedSignalPeak` 数据竞争 — 读写均用 `stateQueue.sync` 保护
- **P1**: stereo3d over-under 匹配收紧（`hasPrefix` 替代 `contains`）
- **P1**: DoVI→hdr10 映射添加 WORKAROUND 注释
- **P1**: `horizontalFOVDegrees` 死代码替换为清晰 TODO

**最终状态**: 205 tests, 0 failures ✅ | 质量评分 HDR/全景/测试覆盖均 2→3

**需要你真机验证的项目** 见 `overnight-log.md` 底部的验证清单。
[runner] Round 1: Supervisor session ended
[runner] Round 1: Supervisor session ended
[runner] Generating morning report...
[runner] Generating morning report...
晨报已写入 `morning-report.md`，以下是关键摘要：

**整体结论：本轮 overnight 全部完成，无遗留任务。**

- **5/5 任务完成**，5 个 commit，运行时长 0h 23m
- 测试从 189 → 205，0 failures
- 唯一插曲：review 阶段发现 P0 数据竞争（`cachedHDRType`/`cachedSignalPeak`），当轮内修复

**你现在需要做的一件事**：Vision Pro 真机验证 HDR 和全景检测，清单在 `overnight-log.md` 底部（7 个验证项，无需 API Key）。
晨报已写入 `morning-report.md`，以下是关键摘要：

**整体结论：本轮 overnight 全部完成，无遗留任务。**

- **5/5 任务完成**，5 个 commit，运行时长 0h 23m
- 测试从 189 → 205，0 failures
- 唯一插曲：review 阶段发现 P0 数据竞争（`cachedHDRType`/`cachedSignalPeak`），当轮内修复

**你现在需要做的一件事**：Vision Pro 真机验证 HDR 和全景检测，清单在 `overnight-log.md` 底部（7 个验证项，无需 API Key）。
[runner] Pipeline finished at 2026-03-26T10:15:38Z (1 rounds)
[runner] Pipeline finished at 2026-03-26T10:15:38Z (1 rounds)
[runner] PID 53185 exited at 2026-03-26T10:15:38Z
